../Core/Src/main.c:90:5:main	128	static
../Core/Src/main.c:155:6:SystemClock_Config	88	static
../Core/Src/main.c:201:13:MX_ADC1_Init	56	static
../Core/Src/main.c:298:13:MX_ADC2_Init	56	static
../Core/Src/main.c:394:13:MX_ADC3_Init	56	static
../Core/Src/main.c:481:13:MX_SPI3_Init	8	static
../Core/Src/main.c:519:13:MX_TIM1_Init	80	static
../Core/Src/main.c:597:13:MX_TIM4_Init	56	static
../Core/Src/main.c:664:13:MX_TIM7_Init	16	static
../Core/Src/main.c:702:13:MX_USART3_UART_Init	8	static
../Core/Src/main.c:733:13:MX_DMA_Init	16	static
../Core/Src/main.c:751:13:MX_GPIO_Init	48	static
../Core/Src/main.c:808:6:Error_Handler	4	static,ignoring_inline_asm
