../Core/Src/main.c:85:5:main	120	static
../Core/Src/main.c:143:6:SystemClock_Config	88	static
../Core/Src/main.c:189:13:MX_ADC1_Init	56	static
../Core/Src/main.c:286:13:MX_ADC2_Init	56	static
../Core/Src/main.c:382:13:MX_ADC3_Init	56	static
../Core/Src/main.c:469:13:MX_SPI3_Init	8	static
../Core/Src/main.c:507:13:MX_TIM1_Init	80	static
../Core/Src/main.c:585:13:MX_TIM4_Init	56	static
../Core/Src/main.c:652:13:MX_TIM7_Init	16	static
../Core/Src/main.c:690:13:MX_USART3_UART_Init	8	static
../Core/Src/main.c:721:13:MX_DMA_Init	16	static
../Core/Src/main.c:739:13:MX_GPIO_Init	48	static
../Core/Src/main.c:796:6:Error_Handler	4	static,ignoring_inline_asm
